apiVersion: config.kubernetes.io/v1
kind: ResourceList
items:
- apiVersion: kustomize.config.k8s.io/v1beta1
  kind: Kustomization
  metadata:
    name: test
    annotations:
      config.kubernetes.io/function: |-
        container:
          image: ghcr.io/kuberik/kpt-fn/kustomize-transformer:test
      file.kustomize.kuberik.io/resource.yaml: |
        apiVersion: v1
        kind: ConfigMap
        metadata:
          name: foo
  resources:
  - resource.yaml
functionConfig:
  apiVersion: fn.kpt.dev/v1alpha1
  kind: KustomizeTransformerGenerator
  metadata:
    name: test
  path: internal
