apiVersion: config.kubernetes.io/v1
kind: ResourceList
items:
- apiVersion: apps/v1
  kind: Deployment
  metadata:
    labels:
      app.kubernetes.io/instance: ahoy
      app.kubernetes.io/managed-by: Helm
      app.kubernetes.io/name: hello-world
      app.kubernetes.io/version: 1.16.0
      helm.sh/chart: hello-world-0.1.0
    name: ahoy-hello-world
  spec:
    replicas: 1
    selector:
      matchLabels:
        app.kubernetes.io/instance: ahoy
        app.kubernetes.io/name: hello-world
    template:
      metadata:
        labels:
          app.kubernetes.io/instance: ahoy
          app.kubernetes.io/name: hello-world
      spec:
        containers:
        - image: nginx:1.16.0
          imagePullPolicy: IfNotPresent
          livenessProbe:
            httpGet:
              path: /
              port: http
          name: hello-world
          ports:
          - containerPort: 80
            name: http
            protocol: TCP
          readinessProbe:
            httpGet:
              path: /
              port: http
        serviceAccountName: ahoy-hello-world
- apiVersion: v1
  kind: Service
  metadata:
    labels:
      app.kubernetes.io/instance: ahoy
      app.kubernetes.io/managed-by: Helm
      app.kubernetes.io/name: hello-world
      app.kubernetes.io/version: 1.16.0
      helm.sh/chart: hello-world-0.1.0
    name: ahoy-hello-world
  spec:
    ports:
    - name: http
      port: 80
      protocol: TCP
      targetPort: http
    selector:
      app.kubernetes.io/instance: ahoy
      app.kubernetes.io/name: hello-world
    type: ClusterIP
- apiVersion: v1
  kind: ServiceAccount
  metadata:
    labels:
      app.kubernetes.io/instance: ahoy
      app.kubernetes.io/managed-by: Helm
      app.kubernetes.io/name: hello-world
      app.kubernetes.io/version: 1.16.0
      helm.sh/chart: hello-world-0.1.0
    name: ahoy-hello-world
functionConfig:
  apiVersion: kustomize.config.k8s.io/v1beta1
  kind: Kustomization
  metadata:
    name: test
    annotations:
      config.kubernetes.io/function: |-
        container:
          image: ghcr.io/kuberik/kpt-fn/kustomize-transformer:test
          network: true
      kustomize.kuberik.io/kustomization-path: helm/internal
  helmCharts:
  - name: hello-world
    releaseName: ahoy
    repo: https://helm.github.io/examples
    version: 0.1.0
